Microchip MPLAB XC8 Compiler V2.00 ()

Linker command line:

-W-3 --edf=C:\Program Files (x86)\Microchip\xc8\v2.00\pic\dat\en_msgs.txt \
  -cs -h+dist/default/production\psu01_spiADC.X.production.sym \
  --cmf=dist/default/production\psu01_spiADC.X.production.cmf -z -Q18F2525 \
  -oC:\Users\PC\AppData\Local\Temp\s81k.2 --defsym=__MPLAB_BUILD=1 \
  -Mdist/default/production/psu01_spiADC.X.production.map -E1 -ver=XC8 \
  --acfsm=1493 -ASTACK=0152h-0f7fh -pstack=STACK -ACODE=00h-0BFFFh \
  -ACONST=00h-0BFFFh -ASMALLCONST=01000h-010FFhx176 \
  -AMEDIUMCONST=01000h-0BFFFh -ACOMRAM=01h-07Fh -AABS1=00h-0F7Fh \
  -ABIGRAM=01h-0F7Fh -ARAM=080h-0FFh,0100h-01FFhx14,0F00h-0F7Fh \
  -ABANK0=080h-0FFh -ABANK1=0100h-01FFh -ABANK2=0200h-02FFh \
  -ABANK3=0300h-03FFh -ABANK4=0400h-04FFh -ABANK5=0500h-05FFh \
  -ABANK6=0600h-06FFh -ABANK7=0700h-07FFh -ABANK8=0800h-08FFh \
  -ABANK9=0900h-09FFh -ABANK10=0A00h-0AFFh -ABANK11=0B00h-0BFFh \
  -ABANK12=0C00h-0CFFh -ABANK13=0D00h-0DFFh -ABANK14=0E00h-0EFFh \
  -ABANK15=0F00h-0F7Fh -ASFR=0F80h-0FFFh \
  -preset_vec=00h,intcode,intcodelo,powerup,init -pramtop=01000h \
  -psmallconst=SMALLCONST -pmediumconst=MEDIUMCONST -pconst=CONST \
  -AFARRAM=00h-00h -ACONFIG=0300000h-030000Dh -pconfig=CONFIG \
  -AIDLOC=0200000h-0200007h -pidloc=IDLOC -AEEDATA=0F00000h-0F003FFh \
  -peeprom_data=EEDATA \
  -prdata=COMRAM,nvrram=COMRAM,nvbit=COMRAM,rbss=COMRAM,rbit=COMRAM \
  -pfarbss=FARRAM,fardata=FARRAM,nvFARRAM=FARRAM \
  -pintsave_regs=BIGRAM,bigbss=BIGRAM,bigdata=BIGRAM -pbss=RAM \
  -pidata=CODE,irdata=CODE,ibigdata=CODE,ifardata=CODE -prparam=COMRAM \
  C:\Users\PC\AppData\Local\Temp\s81k.o \
  dist/default/production\psu01_spiADC.X.production.o 

Object code version is 3.11

Machine type is 18F2525

Call graph: (short form)




                Name                               Link     Load   Length Selector   Space Scale
C:\Users\PC\AppData\Local\Temp\s81k.o
                init                                  0        0        4        0       0
                idloc                            200000   200000        8   200000       0
                config                           300000   300000        E   300000       0
dist/default/production\psu01_spiADC.X.production.o
                mediumconst                        BCA6     BCA6      35A     5E53       0
                text73                             592C     592C       60     2C96       0
                text72                             5508     5508       1E     2A84       0
                text71                             5526     5526       1E     2A93       0
                text70                             587E     587E       56     2C3F       0
                text69                             5498     5498       1C     2A4C       0
                text68                             546A     546A       16     2A35       0
                text67                             542A     542A        8     2A15       0
                text66                             58D4     58D4       58     2C6A       0
                text65                             5722     5722       42     2B91       0
                text64                             6704     6704      142     3382       0
                text63                             5BB2     5BB2       7A     2DD9       0
                text62                             5566     5566       28     2AB3       0
                text61                             57A6     57A6       44     2BD3       0
                text60                             5D3A     5D3A       8A     2E9D       0
                text59                             54B4     54B4       1C     2A5A       0
                text58                             55E2     55E2       2C     2AF1       0
                text57                             560E     560E       32     2B07       0
                text56                             784A     784A      268     3C25       0
                text55                             5F18     5F18       BA     2F8C       0
                text54                             54D0     54D0       1C     2A68       0
                text53                             5640     5640       34     2B20       0
                text52                             5432     5432        8     2A19       0
                text51                             5544     5544       22     2AA2       0
                text50                             57EA     57EA       48     2BF5       0
                text49                             5426     5426        2     2A13       0
                text48                             543A     543A        8     2A1D       0
                text47                             5442     5442        8     2A21       0
                text46                             544A     544A        8     2A25       0
                text45                             5452     5452        8     2A29       0
                text44                             545A     545A        8     2A2D       0
                text43                             5428     5428        2     2A14       0
                text42                             5764     5764       42     2BB2       0
                text41                             5C2C     5C2C       86     2E16       0
                text40                             802C     802C      420     4016       0
                text39                             5FD2     5FD2       BA     2FE9       0
                text38                             6C20     6C20      16A     3610       0
                text37                             56E2     56E2       40     2B71       0
                text36                             8CEE     8CEE      584     4677       0
                text35                             5832     5832       4C     2C19       0
                text34                             6ACE     6ACE      152     3567       0
                text33                             5E60     5E60       B8     2F30       0
                text32                             5DC4     5DC4       9C     2EE2       0
                text31                             558E     558E       2A     2AC7       0
                text30                             745C     745C      1DC     3A2E       0
                text29                             6D8A     6D8A      1AC     36C5       0
                text28                             6F36     6F36      1AE     379B       0
                text27                             8880     8880      46E     4440       0
                text26                             5CB2     5CB2       88     2E59       0
                text25                             5B3A     5B3A       78     2D9D       0
                text24                             7AB2     7AB2      2B6     3D59       0
                text23                             56A8     56A8       3A     2B54       0
                text22                             62DC     62DC       EC     316E       0
                text21                             6204     6204       D8     3102       0
                text20                             844C     844C      434     4226       0
                text19                             A460     A460     1846     5230       0
                text18                             63C8     63C8      102     31E4       0
                text17                             64CA     64CA      102     3265       0
                text16                             5674     5674       34     2B3A       0
                text15                             65CC     65CC      138     32E6       0
                text14                             6846     6846      144     3423       0
                text13                             698A     698A      144     34C5       0
                text12                             59EE     59EE       6A     2CF7       0
                text11                             70E4     70E4      1AE     3872       0
                text10                             5A58     5A58       6C     2D2C       0
                text9                              7292     7292      1CA     3949       0
                text8                              55B8     55B8       2A     2ADC       0
                text7                              9AE8     9AE8      978     4D74       0
                text6                              7638     7638      212     3B1C       0
                text5                              608C     608C       BC     3046       0
                text4                              54EC     54EC       1C     2A76       0
                text3                              5AC4     5AC4       76     2D62       0
                text2                              6148     6148       BC     30A4       0
                text1                              7D68     7D68      2C4     3EB4       0
                text0                              9272     9272      876     4939       0
                cstackCOMRAM                          1        1       7F        1       1
                cstackBANK0                          80       80       3C       80       1
                dataBANK1                           14A      14A        8      100       1
                bssBANK1                            100      100       4A      100       1
                dataBANK0                            E8       E8       17       80       1
                bssBANK0                             BC       BC       2C       80       1
                cinit                              598C     598C       62     2CC6       0
                idataBANK1                         5462     5462        8     5462       0
                idataBANK0                         5481     5481       17     5481       0

TOTAL           Name                               Link     Load   Length     Space
        CLASS   STACK          

        CLASS   CODE           
                init                                  0        0        4         0
                text73                             592C     592C       60         0
                text72                             5508     5508       1E         0
                text71                             5526     5526       1E         0
                text70                             587E     587E       56         0
                text69                             5498     5498       1C         0
                text68                             546A     546A       16         0
                text67                             542A     542A        8         0
                text66                             58D4     58D4       58         0
                text65                             5722     5722       42         0
                text64                             6704     6704      142         0
                text63                             5BB2     5BB2       7A         0
                text62                             5566     5566       28         0
                text61                             57A6     57A6       44         0
                text60                             5D3A     5D3A       8A         0
                text59                             54B4     54B4       1C         0
                text58                             55E2     55E2       2C         0
                text57                             560E     560E       32         0
                text56                             784A     784A      268         0
                text55                             5F18     5F18       BA         0
                text54                             54D0     54D0       1C         0
                text53                             5640     5640       34         0
                text52                             5432     5432        8         0
                text51                             5544     5544       22         0
                text50                             57EA     57EA       48         0
                text49                             5426     5426        2         0
                text48                             543A     543A        8         0
                text47                             5442     5442        8         0
                text46                             544A     544A        8         0
                text45                             5452     5452        8         0
                text44                             545A     545A        8         0
                text43                             5428     5428        2         0
                text42                             5764     5764       42         0
                text41                             5C2C     5C2C       86         0
                text40                             802C     802C      420         0
                text39                             5FD2     5FD2       BA         0
                text38                             6C20     6C20      16A         0
                text37                             56E2     56E2       40         0
                text36                             8CEE     8CEE      584         0
                text35                             5832     5832       4C         0
                text34                             6ACE     6ACE      152         0
                text33                             5E60     5E60       B8         0
                text32                             5DC4     5DC4       9C         0
                text31                             558E     558E       2A         0
                text30                             745C     745C      1DC         0
                text29                             6D8A     6D8A      1AC         0
                text28                             6F36     6F36      1AE         0
                text27                             8880     8880      46E         0
                text26                             5CB2     5CB2       88         0
                text25                             5B3A     5B3A       78         0
                text24                             7AB2     7AB2      2B6         0
                text23                             56A8     56A8       3A         0
                text22                             62DC     62DC       EC         0
                text21                             6204     6204       D8         0
                text20                             844C     844C      434         0
                text19                             A460     A460     1846         0
                text18                             63C8     63C8      102         0
                text17                             64CA     64CA      102         0
                text16                             5674     5674       34         0
                text15                             65CC     65CC      138         0
                text14                             6846     6846      144         0
                text13                             698A     698A      144         0
                text12                             59EE     59EE       6A         0
                text11                             70E4     70E4      1AE         0
                text10                             5A58     5A58       6C         0
                text9                              7292     7292      1CA         0
                text8                              55B8     55B8       2A         0
                text7                              9AE8     9AE8      978         0
                text6                              7638     7638      212         0
                text5                              608C     608C       BC         0
                text4                              54EC     54EC       1C         0
                text3                              5AC4     5AC4       76         0
                text2                              6148     6148       BC         0
                text1                              7D68     7D68      2C4         0
                text0                              9272     9272      876         0
                cinit                              598C     598C       62         0
                idataBANK1                         5462     5462        8         0
                idataBANK0                         5481     5481       17         0

        CLASS   CONST          

        CLASS   SMALLCONST     

        CLASS   MEDIUMCONST    
                mediumconst                        BCA6     BCA6      35A         0

        CLASS   COMRAM         
                cstackCOMRAM                          1        1       7F         1

        CLASS   ABS1           

        CLASS   BIGRAM         

        CLASS   RAM            

        CLASS   BANK0          
                cstackBANK0                          80       80       3C         1
                dataBANK0                            E8       E8       17         1
                bssBANK0                             BC       BC       2C         1

        CLASS   BANK1          
                dataBANK1                           14A      14A        8         1
                bssBANK1                            100      100       4A         1

        CLASS   BANK2          

        CLASS   BANK3          

        CLASS   BANK4          

        CLASS   BANK5          

        CLASS   BANK6          

        CLASS   BANK7          

        CLASS   BANK8          

        CLASS   BANK9          

        CLASS   BANK10         

        CLASS   BANK11         

        CLASS   BANK12         

        CLASS   BANK13         

        CLASS   BANK14         

        CLASS   BANK15         

        CLASS   SFR            

        CLASS   FARRAM         

        CLASS   CONFIG         
                config                           300000   300000        E         0

        CLASS   IDLOC          
                idloc                            200000   200000        8         0

        CLASS   EEDATA         



SEGMENTS        Name                           Load    Length   Top    Selector   Space  Class

                reset_vec                      000000  000004  000004         0       0  CODE    
                cstackCOMRAM                   000001  00007F  000080         1       1  COMRAM  
                cstackBANK0                    000080  00007F  0000FF        80       1  BANK0   
                bssBANK1                       000100  000052  000152       100       1  BANK1   
                text49                         005426  000002  005428      2A13       0  CODE    
                text43                         005428  000002  00542A      2A14       0  CODE    
                text67                         00542A  000008  005432      2A15       0  CODE    
                text52                         005432  000008  00543A      2A19       0  CODE    
                text48                         00543A  000008  005442      2A1D       0  CODE    
                text47                         005442  000008  00544A      2A21       0  CODE    
                text46                         00544A  000008  005452      2A25       0  CODE    
                text45                         005452  000008  00545A      2A29       0  CODE    
                text44                         00545A  000008  005462      2A2D       0  CODE    
                idataBANK1                     005462  000008  00546A      5462       0  CODE    
                text68                         00546A  000016  005480      2A35       0  CODE    
                idataBANK0                     005481  000017  005498      5481       0  CODE    
                text69                         005498  00001C  0054B4      2A4C       0  CODE    
                text59                         0054B4  00001C  0054D0      2A5A       0  CODE    
                text54                         0054D0  00001C  0054EC      2A68       0  CODE    
                text4                          0054EC  00001C  005508      2A76       0  CODE    
                text72                         005508  00001E  005526      2A84       0  CODE    
                text71                         005526  00001E  005544      2A93       0  CODE    
                text51                         005544  000022  005566      2AA2       0  CODE    
                text62                         005566  000028  00558E      2AB3       0  CODE    
                text31                         00558E  00002A  0055B8      2AC7       0  CODE    
                text8                          0055B8  00002A  0055E2      2ADC       0  CODE    
                text58                         0055E2  00002C  00560E      2AF1       0  CODE    
                text57                         00560E  000032  005640      2B07       0  CODE    
                text53                         005640  000034  005674      2B20       0  CODE    
                text16                         005674  000034  0056A8      2B3A       0  CODE    
                text23                         0056A8  00003A  0056E2      2B54       0  CODE    
                text37                         0056E2  000040  005722      2B71       0  CODE    
                text65                         005722  000042  005764      2B91       0  CODE    
                text42                         005764  000042  0057A6      2BB2       0  CODE    
                text61                         0057A6  000044  0057EA      2BD3       0  CODE    
                text50                         0057EA  000048  005832      2BF5       0  CODE    
                text35                         005832  00004C  00587E      2C19       0  CODE    
                text70                         00587E  000056  0058D4      2C3F       0  CODE    
                text66                         0058D4  000058  00592C      2C6A       0  CODE    
                text73                         00592C  000060  00598C      2C96       0  CODE    
                cinit                          00598C  000062  0059EE      2CC6       0  CODE    
                text12                         0059EE  00006A  005A58      2CF7       0  CODE    
                text10                         005A58  00006C  005AC4      2D2C       0  CODE    
                text3                          005AC4  000076  005B3A      2D62       0  CODE    
                text25                         005B3A  000078  005BB2      2D9D       0  CODE    
                text63                         005BB2  00007A  005C2C      2DD9       0  CODE    
                text41                         005C2C  000086  005CB2      2E16       0  CODE    
                text26                         005CB2  000088  005D3A      2E59       0  CODE    
                text60                         005D3A  00008A  005DC4      2E9D       0  CODE    
                text32                         005DC4  00009C  005E60      2EE2       0  CODE    
                text33                         005E60  0000B8  005F18      2F30       0  CODE    
                text55                         005F18  0000BA  005FD2      2F8C       0  CODE    
                text39                         005FD2  0000BA  00608C      2FE9       0  CODE    
                text5                          00608C  0000BC  006148      3046       0  CODE    
                text2                          006148  0000BC  006204      30A4       0  CODE    
                text21                         006204  0000D8  0062DC      3102       0  CODE    
                text22                         0062DC  0000EC  0063C8      316E       0  CODE    
                text18                         0063C8  000102  0064CA      31E4       0  CODE    
                text17                         0064CA  000102  0065CC      3265       0  CODE    
                text15                         0065CC  000138  006704      32E6       0  CODE    
                text64                         006704  000142  006846      3382       0  CODE    
                text14                         006846  000144  00698A      3423       0  CODE    
                text13                         00698A  000144  006ACE      34C5       0  CODE    
                text34                         006ACE  000152  006C20      3567       0  CODE    
                text38                         006C20  00016A  006D8A      3610       0  CODE    
                text29                         006D8A  0001AC  006F36      36C5       0  CODE    
                text28                         006F36  0001AE  0070E4      379B       0  CODE    
                text11                         0070E4  0001AE  007292      3872       0  CODE    
                text9                          007292  0001CA  00745C      3949       0  CODE    
                text30                         00745C  0001DC  007638      3A2E       0  CODE    
                text6                          007638  000212  00784A      3B1C       0  CODE    
                text56                         00784A  000268  007AB2      3C25       0  CODE    
                text24                         007AB2  0002B6  007D68      3D59       0  CODE    
                text1                          007D68  0002C4  00802C      3EB4       0  CODE    
                text40                         00802C  000420  00844C      4016       0  CODE    
                text20                         00844C  000434  008880      4226       0  CODE    
                text27                         008880  00046E  008CEE      4440       0  CODE    
                text36                         008CEE  000584  009272      4677       0  CODE    
                text0                          009272  000876  009AE8      4939       0  CODE    
                text7                          009AE8  000978  00A460      4D74       0  CODE    
                text19                         00A460  001846  00BCA6      5230       0  CODE    
                mediumconst                    00BCA6  00035A  00C000      5E53       0  MEDIUMCO
                idloc                          200000  000008  200008    200000       0  IDLOC   
                config                         300000  00000E  30000E    300000       0  CONFIG  


UNUSED ADDRESS RANGES

        Name                Unused          Largest block    Delta
        BANK0            0000FF-0000FF                1
        BANK1            000152-0001FF               AE
        BANK10           000A00-000AFF              100
        BANK11           000B00-000BFF              100
        BANK12           000C00-000CFF              100
        BANK13           000D00-000DFF              100
        BANK14           000E00-000EFF              100
        BANK15           000F00-000F7F               80
        BANK2            000200-0002FF              100
        BANK3            000300-0003FF              100
        BANK4            000400-0004FF              100
        BANK5            000500-0005FF              100
        BANK6            000600-0006FF              100
        BANK7            000700-0007FF              100
        BANK8            000800-0008FF              100
        BANK9            000900-0009FF              100
        BIGRAM           0000FF-0000FF                1
                         000152-000F7F              E2E
        CODE             000004-005425             5422
                         005480-005480                1
        CONST            000004-005425             5422
                         005480-005480                1
        EEDATA           F00000-F003FF              400
        MEDIUMCONST      001000-005425             4426
                         005480-005480                1
        RAM              0000FF-0000FF                1
                         000152-000F7F              100
        SFR              000F80-000FFF               80
        SMALLCONST       001000-005425              100
                         005480-005480                1
        STACK            000152-000F7F              E2E

                                  Symbol Table

?___awdiv                                cstackCOMRAM 000007
?___awmod                                cstackCOMRAM 000001
?___fladd                                cstackCOMRAM 000065
?___fldiv                                cstackCOMRAM 000042
?___flmul                                cstackCOMRAM 000020
?___flneg                                cstackCOMRAM 00001C
?___flsub                                cstackBANK0  000080
?___fltol                                cstackCOMRAM 00005B
?___lldiv                                cstackCOMRAM 000001
?___llmod                                cstackCOMRAM 00000E
?___lwdiv                                cstackCOMRAM 000007
?___lwmod                                cstackCOMRAM 000001
?___wmul                                 cstackCOMRAM 000001
?___xxtofl                               cstackCOMRAM 00000E
?__div_to_l_                             cstackCOMRAM 000001
?__tdiv_to_l_                            cstackCOMRAM 000001
?_convert_spiADC                         cstackCOMRAM 000007
?_fround                                 cstackCOMRAM 000039
?_scale                                  cstackCOMRAM 000039
?_sprintf                                cstackBANK0  000088
?_strlen                                 cstackCOMRAM 000001
Delay10KTCYx@unit                        cstackCOMRAM 000002
Delay1KTCYx@unit                         cstackCOMRAM 000001
Delay1Sec@cntDelay                       cstackCOMRAM 000002
LCDWriteStringROM@add_char               cstackCOMRAM 00000B
LCDWriteStringROM@add_line               cstackCOMRAM 00000A
LCDWriteStringROM@lcd_i                  cstackCOMRAM 00000C
LCDWriteStringROM@lcd_menu_items         cstackCOMRAM 000008
LCDWriteStringROM@lcd_offset             cstackCOMRAM 00000D
LCDWriteStringROM@x                      cstackCOMRAM 00000E
LCDWriteStringROM@y                      cstackCOMRAM 000007
OpenSPI@bus_mode                         cstackCOMRAM 000001
OpenSPI@smp_phase                        cstackCOMRAM 000002
OpenSPI@sync_mode                        cstackCOMRAM 000003
OpenXLCD@lcdtype                         cstackCOMRAM 000005
SetDDRamAddr@DDaddr                      cstackCOMRAM 000004
WriteCmdXLCD@cmd                         cstackCOMRAM 000001
WriteDataXLCD@data                       cstackCOMRAM 000001
WriteSPI@TempVar                         cstackCOMRAM 000001
WriteSPI@data_out                        cstackCOMRAM 000002
_ADCON1                                  (abs)        000FC1
_ADCResult                               bssBANK0     0000D0
_ADC_vRef                                dataBANK0    0000EC
_BusyXLCD                                text70       00587E
_CMCON                                   (abs)        000FB4
_DAC_i                                   dataBANK0    0000F8
_DAC_u                                   dataBANK0    0000F6
_DAC_vRef                                dataBANK0    0000E8
_Delay10KTCYx                            text69       005498
_Delay1KTCYx                             text68       00546A
_Delay1Sec                               text73       00592C
_DelayFor18TCY                           text71       005526
_DelayPORXLCD                            text67       00542A
_LATAbits                                (abs)        000F89
_LATBbits                                (abs)        000F8A
_LATCbits                                (abs)        000F8B
_LCDWriteStringROM                       text11       0070E4
_OSCCON                                  (abs)        000FD3
_OpenSPI                                 text60       005D3A
_OpenXLCD                                text64       006704
_PIR1bits                                (abs)        000F9E
_PORTAbits                               (abs)        000F80
_PORTB                                   (abs)        000F81
_PORTBbits                               (abs)        000F81
_RE3                                     (abs)        007C23
_ResultString_brightness                 bssBANK1     00013B
_ResultString_brightness_percent         bssBANK1     000136
_ResultString_contrast                   bssBANK1     000140
_ResultString_contrast_percent           bssBANK1     000145
_ResultString_i                          bssBANK1     000122
_ResultString_set_i                      bssBANK1     00010E
_ResultString_set_u                      bssBANK1     000118
_ResultString_u                          bssBANK1     00012C
_SSPBUF                                  (abs)        000FC9
_SSPCON1                                 (abs)        000FC6
_SSPCON1bits                             (abs)        000FC6
_SSPSTAT                                 (abs)        000FC7
_SSPSTATbits                             (abs)        000FC7
_SetDDRamAddr                            text66       0058D4
_TRISAbits                               (abs)        000F92
_TRISB                                   (abs)        000F93
_TRISBbits                               (abs)        000F93
_TRISCbits                               (abs)        000F94
_WriteCmdXLCD                            text65       005722
_WriteDataXLCD                           text42       005764
_WriteSPI                                text61       0057A6
__CFG_BOREN$OFF                          (abs)        000000
__CFG_BORV$3                             (abs)        000000
__CFG_CCP2MX$PORTC                       (abs)        000000
__CFG_CP0$OFF                            (abs)        000000
__CFG_CP1$OFF                            (abs)        000000
__CFG_CP2$OFF                            (abs)        000000
__CFG_CPB$OFF                            (abs)        000000
__CFG_CPD$OFF                            (abs)        000000
__CFG_EBTR0$OFF                          (abs)        000000
__CFG_EBTR1$OFF                          (abs)        000000
__CFG_EBTR2$OFF                          (abs)        000000
__CFG_EBTRB$OFF                          (abs)        000000
__CFG_FCMEN$OFF                          (abs)        000000
__CFG_IESO$OFF                           (abs)        000000
__CFG_LPT1OSC$OFF                        (abs)        000000
__CFG_LVP$OFF                            (abs)        000000
__CFG_MCLRE$OFF                          (abs)        000000
__CFG_OSC$INTIO67                        (abs)        000000
__CFG_PBADEN$OFF                         (abs)        000000
__CFG_PWRT$OFF                           (abs)        000000
__CFG_STVREN$ON                          (abs)        000000
__CFG_WDT$OFF                            (abs)        000000
__CFG_WDTPS$32768                        (abs)        000000
__CFG_WRT0$OFF                           (abs)        000000
__CFG_WRT1$OFF                           (abs)        000000
__CFG_WRT2$OFF                           (abs)        000000
__CFG_WRTB$OFF                           (abs)        000000
__CFG_WRTC$OFF                           (abs)        000000
__CFG_WRTD$OFF                           (abs)        000000
__CFG_XINST$OFF                          (abs)        000000
__HRAM                                   (abs)        000000
__Habs1                                  abs1         000000
__Hbank0                                 bank0        000000
__Hbank1                                 bank1        000000
__Hbank10                                bank10       000000
__Hbank11                                bank11       000000
__Hbank12                                bank12       000000
__Hbank13                                bank13       000000
__Hbank14                                bank14       000000
__Hbank15                                bank15       000000
__Hbank2                                 bank2        000000
__Hbank3                                 bank3        000000
__Hbank4                                 bank4        000000
__Hbank5                                 bank5        000000
__Hbank6                                 bank6        000000
__Hbank7                                 bank7        000000
__Hbank8                                 bank8        000000
__Hbank9                                 bank9        000000
__Hbigbss                                bigbss       000000
__Hbigdata                               bigdata      000000
__Hbigram                                bigram       000000
__Hbss                                   bss          000000
__HbssBANK0                              bssBANK0     000000
__HbssBANK1                              bssBANK1     000000
__Hcinit                                 cinit        000000
__Hclrtext                               clrtext      000000
__Hcomram                                comram       000000
__Hconfig                                config       30000E
__Hconst                                 const        000000
__HcstackBANK0                           cstackBANK0  000000
__HcstackCOMRAM                          cstackCOMRAM 000000
__Hdata                                  data         000000
__HdataBANK0                             dataBANK0    000000
__HdataBANK1                             dataBANK1    000000
__Heeprom_data                           eeprom_data  000000
__Hfarbss                                farbss       000000
__Hfardata                               fardata      000000
__Hibigdata                              ibigdata     000000
__Hidata                                 idata        000000
__HidataBANK0                            idataBANK0   000000
__HidataBANK1                            idataBANK1   000000
__Hidloc                                 idloc        200008
__Hifardata                              ifardata     000000
__Hinit                                  init         000004
__Hintcode                               intcode      000000
__Hintcode_body                          intcode_body 000000
__Hintcodelo                             intcodelo    000000
__Hintentry                              intentry     000000
__Hintret                                intret       000000
__Hintsave_regs                          intsave_regs 000000
__Hirdata                                irdata       000000
__Hmediumconst                           mediumconst  00C000
__HnvFARRAM                              nvFARRAM     000000
__Hnvbit                                 nvbit        000000
__Hnvrram                                nvrram       000000
__Hparam                                 rparam       000000
__Hpowerup                               powerup      000000
__Hram                                   ram          000000
__Hramtop                                ramtop       001000
__Hrbit                                  rbit         000000
__Hrbss                                  rbss         000000
__Hrdata                                 rdata        000000
__Hreset_vec                             reset_vec    000000
__Hrparam                                rparam       000000
__Hsfr                                   sfr          000000
__Hsmallconst                            smallconst   000000
__Hspace_0                               (abs)        30000E
__Hspace_1                               (abs)        000152
__Hspace_2                               (abs)        000000
__Hstack                                 stack        000000
__Hstruct                                struct       000000
__Htemp                                  temp         000000
__Htext                                  text         000000
__Htext0                                 text0        000000
__Htext1                                 text1        000000
__Htext10                                text10       000000
__Htext11                                text11       000000
__Htext12                                text12       000000
__Htext13                                text13       000000
__Htext14                                text14       000000
__Htext15                                text15       000000
__Htext16                                text16       000000
__Htext17                                text17       000000
__Htext18                                text18       000000
__Htext19                                text19       000000
__Htext2                                 text2        000000
__Htext20                                text20       000000
__Htext21                                text21       000000
__Htext22                                text22       000000
__Htext23                                text23       000000
__Htext24                                text24       000000
__Htext25                                text25       000000
__Htext26                                text26       000000
__Htext27                                text27       000000
__Htext28                                text28       000000
__Htext29                                text29       000000
__Htext3                                 text3        000000
__Htext30                                text30       000000
__Htext31                                text31       000000
__Htext32                                text32       000000
__Htext33                                text33       000000
__Htext34                                text34       000000
__Htext35                                text35       000000
__Htext36                                text36       000000
__Htext37                                text37       000000
__Htext38                                text38       000000
__Htext39                                text39       000000
__Htext4                                 text4        000000
__Htext40                                text40       000000
__Htext41                                text41       000000
__Htext42                                text42       000000
__Htext43                                text43       000000
__Htext44                                text44       000000
__Htext45                                text45       000000
__Htext46                                text46       000000
__Htext47                                text47       000000
__Htext48                                text48       000000
__Htext49                                text49       000000
__Htext5                                 text5        000000
__Htext50                                text50       000000
__Htext51                                text51       000000
__Htext52                                text52       000000
__Htext53                                text53       000000
__Htext54                                text54       000000
__Htext55                                text55       000000
__Htext56                                text56       000000
__Htext57                                text57       000000
__Htext58                                text58       000000
__Htext59                                text59       000000
__Htext6                                 text6        000000
__Htext60                                text60       000000
__Htext61                                text61       000000
__Htext62                                text62       000000
__Htext63                                text63       000000
__Htext64                                text64       000000
__Htext65                                text65       000000
__Htext66                                text66       000000
__Htext67                                text67       000000
__Htext68                                text68       000000
__Htext69                                text69       000000
__Htext7                                 text7        000000
__Htext70                                text70       000000
__Htext71                                text71       000000
__Htext72                                text72       000000
__Htext73                                text73       000000
__Htext74                                text74       000000
__Htext8                                 text8        000000
__Htext9                                 text9        000000
__LRAM                                   (abs)        000001
__Labs1                                  abs1         000000
__Lbank0                                 bank0        000000
__Lbank1                                 bank1        000000
__Lbank10                                bank10       000000
__Lbank11                                bank11       000000
__Lbank12                                bank12       000000
__Lbank13                                bank13       000000
__Lbank14                                bank14       000000
__Lbank15                                bank15       000000
__Lbank2                                 bank2        000000
__Lbank3                                 bank3        000000
__Lbank4                                 bank4        000000
__Lbank5                                 bank5        000000
__Lbank6                                 bank6        000000
__Lbank7                                 bank7        000000
__Lbank8                                 bank8        000000
__Lbank9                                 bank9        000000
__Lbigbss                                bigbss       000000
__Lbigdata                               bigdata      000000
__Lbigram                                bigram       000000
__Lbss                                   bss          000000
__LbssBANK0                              bssBANK0     000000
__LbssBANK1                              bssBANK1     000000
__Lcinit                                 cinit        000000
__Lclrtext                               clrtext      000000
__Lcomram                                comram       000000
__Lconfig                                config       300000
__Lconst                                 const        000000
__LcstackBANK0                           cstackBANK0  000000
__LcstackCOMRAM                          cstackCOMRAM 000000
__Ldata                                  data         000000
__LdataBANK0                             dataBANK0    000000
__LdataBANK1                             dataBANK1    000000
__Leeprom_data                           eeprom_data  000000
__Lfarbss                                farbss       000000
__Lfardata                               fardata      000000
__Libigdata                              ibigdata     000000
__Lidata                                 idata        000000
__LidataBANK0                            idataBANK0   000000
__LidataBANK1                            idataBANK1   000000
__Lidloc                                 idloc        200000
__Lifardata                              ifardata     000000
__Linit                                  init         000000
__Lintcode                               intcode      000000
__Lintcode_body                          intcode_body 000000
__Lintcodelo                             intcodelo    000000
__Lintentry                              intentry     000000
__Lintret                                intret       000000
__Lintsave_regs                          intsave_regs 000000
__Lirdata                                irdata       000000
__Lmediumconst                           mediumconst  00BCA6
__LnvFARRAM                              nvFARRAM     000000
__Lnvbit                                 nvbit        000000
__Lnvrram                                nvrram       000000
__Lparam                                 rparam       000000
__Lpowerup                               powerup      000000
__Lram                                   ram          000000
__Lramtop                                ramtop       001000
__Lrbit                                  rbit         000000
__Lrbss                                  rbss         000000
__Lrdata                                 rdata        000000
__Lreset_vec                             reset_vec    000000
__Lrparam                                rparam       000000
__Lsfr                                   sfr          000000
__Lsmallconst                            smallconst   000000
__Lspace_0                               (abs)        000000
__Lspace_1                               (abs)        000000
__Lspace_2                               (abs)        000000
__Lstack                                 stack        000000
__Lstruct                                struct       000000
__Ltemp                                  temp         000000
__Ltext                                  text         000000
__Ltext0                                 text0        000000
__Ltext1                                 text1        000000
__Ltext10                                text10       000000
__Ltext11                                text11       000000
__Ltext12                                text12       000000
__Ltext13                                text13       000000
__Ltext14                                text14       000000
__Ltext15                                text15       000000
__Ltext16                                text16       000000
__Ltext17                                text17       000000
__Ltext18                                text18       000000
__Ltext19                                text19       000000
__Ltext2                                 text2        000000
__Ltext20                                text20       000000
__Ltext21                                text21       000000
__Ltext22                                text22       000000
__Ltext23                                text23       000000
__Ltext24                                text24       000000
__Ltext25                                text25       000000
__Ltext26                                text26       000000
__Ltext27                                text27       000000
__Ltext28                                text28       000000
__Ltext29                                text29       000000
__Ltext3                                 text3        000000
__Ltext30                                text30       000000
__Ltext31                                text31       000000
__Ltext32                                text32       000000
__Ltext33                                text33       000000
__Ltext34                                text34       000000
__Ltext35                                text35       000000
__Ltext36                                text36       000000
__Ltext37                                text37       000000
__Ltext38                                text38       000000
__Ltext39                                text39       000000
__Ltext4                                 text4        000000
__Ltext40                                text40       000000
__Ltext41                                text41       000000
__Ltext42                                text42       000000
__Ltext43                                text43       000000
__Ltext44                                text44       000000
__Ltext45                                text45       000000
__Ltext46                                text46       000000
__Ltext47                                text47       000000
__Ltext48                                text48       000000
__Ltext49                                text49       000000
__Ltext5                                 text5        000000
__Ltext50                                text50       000000
__Ltext51                                text51       000000
__Ltext52                                text52       000000
__Ltext53                                text53       000000
__Ltext54                                text54       000000
__Ltext55                                text55       000000
__Ltext56                                text56       000000
__Ltext57                                text57       000000
__Ltext58                                text58       000000
__Ltext59                                text59       000000
__Ltext6                                 text6        000000
__Ltext60                                text60       000000
__Ltext61                                text61       000000
__Ltext62                                text62       000000
__Ltext63                                text63       000000
__Ltext64                                text64       000000
__Ltext65                                text65       000000
__Ltext66                                text66       000000
__Ltext67                                text67       000000
__Ltext68                                text68       000000
__Ltext69                                text69       000000
__Ltext7                                 text7        000000
__Ltext70                                text70       000000
__Ltext71                                text71       000000
__Ltext72                                text72       000000
__Ltext73                                text73       000000
__Ltext74                                text74       000000
__Ltext8                                 text8        000000
__Ltext9                                 text9        000000
__S0                                     (abs)        30000E
__S1                                     (abs)        000152
__S2                                     (abs)        000000
___awdiv                                 text22       0062DC
___awdiv@counter                         cstackCOMRAM 00000B
___awdiv@dividend                        cstackCOMRAM 000007
___awdiv@divisor                         cstackCOMRAM 000009
___awdiv@quotient                        cstackCOMRAM 00000D
___awdiv@sign                            cstackCOMRAM 00000C
___awmod                                 text21       006204
___awmod@counter                         cstackCOMRAM 000005
___awmod@dividend                        cstackCOMRAM 000001
___awmod@divisor                         cstackCOMRAM 000003
___awmod@sign                            cstackCOMRAM 000006
___fladd                                 text36       008CEE
___fladd@a                               cstackCOMRAM 000069
___fladd@aexp                            cstackCOMRAM 000076
___fladd@b                               cstackCOMRAM 000065
___fladd@bexp                            cstackCOMRAM 000077
___fladd@grs                             cstackCOMRAM 000078
___fladd@signs                           cstackCOMRAM 000075
___fldiv                                 text40       00802C
___fldiv@a                               cstackCOMRAM 000046
___fldiv@aexp                            cstackCOMRAM 00005A
___fldiv@b                               cstackCOMRAM 000042
___fldiv@bexp                            cstackCOMRAM 000059
___fldiv@grs                             cstackCOMRAM 000055
___fldiv@new_exp                         cstackCOMRAM 000053
___fldiv@rem                             cstackCOMRAM 00004E
___fldiv@sign                            cstackCOMRAM 000052
___fleq                                  text39       005FD2
___fleq@ff1                              cstackCOMRAM 000001
___fleq@ff2                              cstackCOMRAM 000005
___flge                                  text38       006C20
___flge@ff1                              cstackBANK0  000080
___flge@ff2                              cstackBANK0  000084
___flmul                                 text27       008880
___flmul@a                               cstackCOMRAM 000024
___flmul@aexp                            cstackCOMRAM 000031
___flmul@b                               cstackCOMRAM 000020
___flmul@bexp                            cstackCOMRAM 000032
___flmul@grs                             cstackCOMRAM 00002D
___flmul@prod                            cstackCOMRAM 000033
___flmul@sign                            cstackCOMRAM 00002C
___flmul@temp                            cstackCOMRAM 000037
___flneg                                 text37       0056E2
___flneg@f1                              cstackCOMRAM 00001C
___flsub                                 text35       005832
___flsub@a                               cstackBANK0  000084
___flsub@b                               cstackBANK0  000080
___fltol                                 text34       006ACE
___fltol@exp1                            cstackCOMRAM 000064
___fltol@f1                              cstackCOMRAM 00005B
___fltol@sign1                           cstackCOMRAM 000063
___inthi_sp                              stack        000000
___intlo_sp                              stack        000000
___lldiv                                 text33       005E60
___lldiv@counter                         cstackCOMRAM 00000D
___lldiv@dividend                        cstackCOMRAM 000001
___lldiv@divisor                         cstackCOMRAM 000005
___lldiv@quotient                        cstackCOMRAM 000009
___llmod                                 text32       005DC4
___llmod@counter                         cstackCOMRAM 000016
___llmod@dividend                        cstackCOMRAM 00000E
___llmod@divisor                         cstackCOMRAM 000012
___lwdiv                                 text26       005CB2
___lwdiv@counter                         cstackCOMRAM 00000D
___lwdiv@dividend                        cstackCOMRAM 000007
___lwdiv@divisor                         cstackCOMRAM 000009
___lwdiv@quotient                        cstackCOMRAM 00000B
___lwmod                                 text25       005B3A
___lwmod@counter                         cstackCOMRAM 000005
___lwmod@dividend                        cstackCOMRAM 000001
___lwmod@divisor                         cstackCOMRAM 000003
___param_bank                            (abs)        000000
___rparam_used                           (abs)        000001
___sp                                    stack        000000
___wmul                                  text31       00558E
___wmul@multiplicand                     cstackCOMRAM 000003
___wmul@multiplier                       cstackCOMRAM 000001
___wmul@product                          cstackCOMRAM 000005
___xxtofl                                text30       00745C
___xxtofl@arg                            cstackCOMRAM 000018
___xxtofl@exp                            cstackCOMRAM 000017
___xxtofl@sign                           cstackCOMRAM 000016
___xxtofl@val                            cstackCOMRAM 00000E
__accesstop                              (abs)        000080
__activetblptr                           (abs)        000002
__div_to_l_                              text29       006D8A
__div_to_l_@cntr                         cstackCOMRAM 00000D
__div_to_l_@exp1                         cstackCOMRAM 00000E
__div_to_l_@f1                           cstackCOMRAM 000001
__div_to_l_@f2                           cstackCOMRAM 000005
__div_to_l_@quot                         cstackCOMRAM 000009
__end_of_BusyXLCD                        text70       0058D4
__end_of_Delay10KTCYx                    text69       0054B4
__end_of_Delay1KTCYx                     text68       005480
__end_of_Delay1Sec                       text73       00598C
__end_of_DelayFor18TCY                   text71       005544
__end_of_DelayPORXLCD                    text67       005432
__end_of_LCDWriteStringROM               text11       007292
__end_of_OpenSPI                         text60       005DC4
__end_of_OpenXLCD                        text64       006846
__end_of_SetDDRamAddr                    text66       00592C
__end_of_WriteCmdXLCD                    text65       005764
__end_of_WriteDataXLCD                   text42       0057A6
__end_of_WriteSPI                        text61       0057EA
__end_of___awdiv                         text22       0063C8
__end_of___awmod                         text21       0062DC
__end_of___fladd                         text36       009272
__end_of___fldiv                         text40       00844C
__end_of___fleq                          text39       00608C
__end_of___flge                          text38       006D8A
__end_of___flmul                         text27       008CEE
__end_of___flneg                         text37       005722
__end_of___flsub                         text35       00587E
__end_of___fltol                         text34       006C20
__end_of___lldiv                         text33       005F18
__end_of___llmod                         text32       005E60
__end_of___lwdiv                         text26       005D3A
__end_of___lwmod                         text25       005BB2
__end_of___wmul                          text31       0055B8
__end_of___xxtofl                        text30       007638
__end_of__div_to_l_                      text29       006F36
__end_of__initialization                 cinit        0059E4
__end_of__npowers_                       mediumconst  00BDAF
__end_of__powers_                        mediumconst  00BD7B
__end_of__tdiv_to_l_                     text28       0070E4
__end_of_brightness_display              text18       0064CA
__end_of_clear_display                   text62       00558E
__end_of_contrast_display                text17       0065CC
__end_of_convert_spiADC                  text3        005B3A
__end_of_current_auto_limit_set_display  text15       006704
__end_of_current_limit_set_display       text14       00698A
__end_of_current_protection_set_display  text13       006ACE
__end_of_default_display                 text9        00745C
__end_of_displayPreset                   text43       00542A
__end_of_dpowers                         mediumconst  00BDD7
__end_of_fround                          text24       007D68
__end_of_gotoxy                          text55       005FD2
__end_of_init_GPIO_DIR                   text72       005526
__end_of_init_XLCD                       text63       005C2C
__end_of_init_adc_SPI                    text4        005508
__end_of_init_dac_SPI                    text54       0054EC
__end_of_init_dig_pot_SPI                text59       0054D0
__end_of_isdigit                         text23       0056E2
__end_of_main                            text0        009AE8
__end_of_menu_000                        mediumconst  00BE32
__end_of_menu_001                        mediumconst  00BE7F
__end_of_menu_002                        mediumconst  00BE26
__end_of_menu_003                        mediumconst  00BEAA
__end_of_menu_010                        mediumconst  00BE1A
__end_of_menu_011                        mediumconst  00BE74
__end_of_menu_012                        mediumconst  00BE69
__end_of_menu_013                        mediumconst  00BE5E
__end_of_menu_014                        mediumconst  00BE53
__end_of_menu_015                        mediumconst  00BEA5
__end_of_menu_020                        mediumconst  00BE0D
__end_of_menu_021                        mediumconst  00BE48
__end_of_menu_022                        mediumconst  00BE3D
__end_of_menu_023                        mediumconst  00BE89
__end_of_menu_024                        mediumconst  00BE9E
__end_of_menu_030                        mediumconst  00BDF3
__end_of_menu_031                        mediumconst  00BE00
__end_of_menu_032                        mediumconst  00BDE5
__end_of_menu_033                        mediumconst  00BE97
__end_of_menu_034                        mediumconst  00BE90
__end_of_my_menu                         mediumconst  00BD47
__end_of_outPreset                       text49       005428
__end_of_protection_display              text8        0055E2
__end_of_pushButtons_display_settings    text56       007AB2
__end_of_putrsXLCD                       text41       005CB2
__end_of_return_to_default               text51       005566
__end_of_scale                           text20       008880
__end_of_send_backlight_spi              text58       00560E
__end_of_send_contrast_spi               text57       005640
__end_of_send_dac_i_spi                  text16       0056A8
__end_of_send_dac_u_spi                  text53       005674
__end_of_setBacklight                    text44       005462
__end_of_setChan_spiADC                  text2        006204
__end_of_setContrast                     text45       00545A
__end_of_setImode_auto                   text46       005452
__end_of_setImode_limit                  text48       005442
__end_of_setImode_prot                   text47       00544A
__end_of_setIset                         text50       005832
__end_of_setUout                         text52       00543A
__end_of_show_menu                       text7        00A460
__end_of_show_on_screen                  text5        006148
__end_of_spiADC_function                 text1        00802C
__end_of_sprintf                         text19       00BCA6
__end_of_strcat                          text10       005AC4
__end_of_strlen                          text12       005A58
__end_of_voltage_set_display             text6        00784A
__initialization                         cinit        00598C
__mediumconst                            mediumconst  00BCA6
__npowers_                               mediumconst  00BD7B
__pbssBANK0                              bssBANK0     0000BC
__pbssBANK1                              bssBANK1     000100
__pcinit                                 cinit        00598C
__pcstackBANK0                           cstackBANK0  000080
__pcstackCOMRAM                          cstackCOMRAM 000001
__pdataBANK0                             dataBANK0    0000E8
__pdataBANK1                             dataBANK1    00014A
__pidataBANK0                            idataBANK0   005481
__pidataBANK1                            idataBANK1   005462
__pmediumconst                           mediumconst  00BCA6
__powers_                                mediumconst  00BD47
__ptext0                                 text0        009272
__ptext1                                 text1        007D68
__ptext10                                text10       005A58
__ptext11                                text11       0070E4
__ptext12                                text12       0059EE
__ptext13                                text13       00698A
__ptext14                                text14       006846
__ptext15                                text15       0065CC
__ptext16                                text16       005674
__ptext17                                text17       0064CA
__ptext18                                text18       0063C8
__ptext19                                text19       00A460
__ptext2                                 text2        006148
__ptext20                                text20       00844C
__ptext21                                text21       006204
__ptext22                                text22       0062DC
__ptext23                                text23       0056A8
__ptext24                                text24       007AB2
__ptext25                                text25       005B3A
__ptext26                                text26       005CB2
__ptext27                                text27       008880
__ptext28                                text28       006F36
__ptext29                                text29       006D8A
__ptext3                                 text3        005AC4
__ptext30                                text30       00745C
__ptext31                                text31       00558E
__ptext32                                text32       005DC4
__ptext33                                text33       005E60
__ptext34                                text34       006ACE
__ptext35                                text35       005832
__ptext36                                text36       008CEE
__ptext37                                text37       0056E2
__ptext38                                text38       006C20
__ptext39                                text39       005FD2
__ptext4                                 text4        0054EC
__ptext40                                text40       00802C
__ptext41                                text41       005C2C
__ptext42                                text42       005764
__ptext43                                text43       005428
__ptext44                                text44       00545A
__ptext45                                text45       005452
__ptext46                                text46       00544A
__ptext47                                text47       005442
__ptext48                                text48       00543A
__ptext49                                text49       005426
__ptext5                                 text5        00608C
__ptext50                                text50       0057EA
__ptext51                                text51       005544
__ptext52                                text52       005432
__ptext53                                text53       005640
__ptext54                                text54       0054D0
__ptext55                                text55       005F18
__ptext56                                text56       00784A
__ptext57                                text57       00560E
__ptext58                                text58       0055E2
__ptext59                                text59       0054B4
__ptext6                                 text6        007638
__ptext60                                text60       005D3A
__ptext61                                text61       0057A6
__ptext62                                text62       005566
__ptext63                                text63       005BB2
__ptext64                                text64       006704
__ptext65                                text65       005722
__ptext66                                text66       0058D4
__ptext67                                text67       00542A
__ptext68                                text68       00546A
__ptext69                                text69       005498
__ptext7                                 text7        009AE8
__ptext70                                text70       00587E
__ptext71                                text71       005526
__ptext72                                text72       005508
__ptext73                                text73       00592C
__ptext74                                text74       000000
__ptext8                                 text8        0055B8
__ptext9                                 text9        007292
__ramtop                                 ramtop       001000
__size_of_BusyXLCD                       (abs)        000000
__size_of_Delay10KTCYx                   (abs)        000000
__size_of_Delay1KTCYx                    (abs)        000000
__size_of_Delay1Sec                      (abs)        000000
__size_of_DelayFor18TCY                  (abs)        000000
__size_of_DelayPORXLCD                   (abs)        000000
__size_of_LCDWriteStringROM              (abs)        000000
__size_of_OpenSPI                        (abs)        000000
__size_of_OpenXLCD                       (abs)        000000
__size_of_SetDDRamAddr                   (abs)        000000
__size_of_WriteCmdXLCD                   (abs)        000000
__size_of_WriteDataXLCD                  (abs)        000000
__size_of_WriteSPI                       (abs)        000000
__size_of___awdiv                        (abs)        000000
__size_of___awmod                        (abs)        000000
__size_of___fladd                        (abs)        000000
__size_of___fldiv                        (abs)        000000
__size_of___fleq                         (abs)        000000
__size_of___flge                         (abs)        000000
__size_of___flmul                        (abs)        000000
__size_of___flneg                        (abs)        000000
__size_of___flsub                        (abs)        000000
__size_of___fltol                        (abs)        000000
__size_of___lldiv                        (abs)        000000
__size_of___llmod                        (abs)        000000
__size_of___lwdiv                        (abs)        000000
__size_of___lwmod                        (abs)        000000
__size_of___wmul                         (abs)        000000
__size_of___xxtofl                       (abs)        000000
__size_of__div_to_l_                     (abs)        000000
__size_of__tdiv_to_l_                    (abs)        000000
__size_of_brightness_display             (abs)        000000
__size_of_clear_display                  (abs)        000000
__size_of_contrast_display               (abs)        000000
__size_of_convert_spiADC                 (abs)        000000
__size_of_current_auto_limit_set_display (abs)        000000
__size_of_current_limit_set_display      (abs)        000000
__size_of_current_protection_set_display (abs)        000000
__size_of_default_display                (abs)        000000
__size_of_displayPreset                  (abs)        000000
__size_of_fround                         (abs)        000000
__size_of_gotoxy                         (abs)        000000
__size_of_init_GPIO_DIR                  (abs)        000000
__size_of_init_XLCD                      (abs)        000000
__size_of_init_adc_SPI                   (abs)        000000
__size_of_init_dac_SPI                   (abs)        000000
__size_of_init_dig_pot_SPI               (abs)        000000
__size_of_isdigit                        (abs)        000000
__size_of_main                           (abs)        000000
__size_of_outPreset                      (abs)        000000
__size_of_protection_display             (abs)        000000
__size_of_pushButtons_display_settings   (abs)        000000
__size_of_putrsXLCD                      (abs)        000000
__size_of_return_to_default              (abs)        000000
__size_of_scale                          (abs)        000000
__size_of_send_backlight_spi             (abs)        000000
__size_of_send_contrast_spi              (abs)        000000
__size_of_send_dac_i_spi                 (abs)        000000
__size_of_send_dac_u_spi                 (abs)        000000
__size_of_setBacklight                   (abs)        000000
__size_of_setChan_spiADC                 (abs)        000000
__size_of_setContrast                    (abs)        000000
__size_of_setImode_auto                  (abs)        000000
__size_of_setImode_limit                 (abs)        000000
__size_of_setImode_prot                  (abs)        000000
__size_of_setIset                        (abs)        000000
__size_of_setUout                        (abs)        000000
__size_of_show_menu                      (abs)        000000
__size_of_show_on_screen                 (abs)        000000
__size_of_spiADC_function                (abs)        000000
__size_of_sprintf                        (abs)        000000
__size_of_strcat                         (abs)        000000
__size_of_strlen                         (abs)        000000
__size_of_voltage_set_display            (abs)        000000
__smallconst                             smallconst   000000
__tdiv_to_l_                             text28       006F36
__tdiv_to_l_@cntr                        cstackCOMRAM 000010
__tdiv_to_l_@exp1                        cstackCOMRAM 000011
__tdiv_to_l_@f1                          cstackCOMRAM 000001
__tdiv_to_l_@f2                          cstackCOMRAM 000005
__tdiv_to_l_@quot                        cstackCOMRAM 00000C
_adc_mode                                bssBANK0     0000DC
_brightness_display                      text18       0063C8
_button_delay_counter                    bssBANK0     0000CE
_button_delay_counter_enable             bssBANK0     0000D9
_button_enable                           dataBANK0    0000FD
_clear_display                           text62       005566
_cmd_dac                                 dataBANK0    0000FE
_cmd_dac_i_high                          bssBANK0     0000E7
_cmd_dac_u_high                          bssBANK0     0000E5
_cmd_dig_pot                             bssBANK0     0000E3
_constant_power                          dataBANK1    00014E
_contrast_display                        text17       0064CA
_convert_spiADC                          text3        005AC4
_currentStateROTARY_CK                   bssBANK0     0000D4
_current_auto_limit_set_display          text15       0065CC
_current_limit_set_display               text14       006846
_current_protection_set_display          text13       00698A
_dac_i_low                               bssBANK0     0000E6
_dac_u_low                               bssBANK0     0000E4
_default_display                         text9        007292
_displayPreset                           text43       005428
_display_brightness                      dataBANK0    0000F2
_display_brightness_percent              bssBANK1     000100
_display_contrast                        dataBANK0    0000F4
_display_contrast_percent                bssBANK1     000104
_display_mode                            bssBANK0     0000DB
_dpowers                                 mediumconst  00BDAF
_fround                                  text24       007AB2
_fround$2840                             cstackCOMRAM 000041
_fround$2841                             cstackCOMRAM 00003D
_gotoxy                                  text55       005F18
_i_mode                                  bssBANK0     0000D7
_init_GPIO_DIR                           text72       005508
_init_XLCD                               text63       005BB2
_init_adc_SPI                            text4        0054EC
_init_dac_SPI                            text54       0054D0
_init_dig_pot_SPI                        text59       0054B4
_isdigit                                 text23       0056A8
_isdigit$2577                            cstackCOMRAM 000002
_lastStateROTARY_CK                      bssBANK0     0000D5
_main                                    text0        009272
_main_loop_counter                       bssBANK1     00010C
_menu_000                                mediumconst  00BE26
_menu_001                                mediumconst  00BE74
_menu_002                                mediumconst  00BE1A
_menu_003                                mediumconst  00BEA5
_menu_010                                mediumconst  00BE0D
_menu_011                                mediumconst  00BE69
[...]
 This function calls:
		_DelayFor18TCY
 This function is called by:
		_OpenXLCD
		_default_display
		_contrast_display
		_brightness_display
		_voltage_set_display
		_current_protection_set_display
		_current_limit_set_display
		_current_auto_limit_set_display
		_protection_display
		_gotoxy
		_LCDWriteStringROM
		_main
 This function uses a non-reentrant model


 *************** function _DelayPORXLCD *****************
 Defined at:
		line 40 in file "LCD_user_functions.c"
 Parameters:    Size  Location     Type
		None
 Auto vars:     Size  Location     Type
		None
 Return value:  Size  Location     Type
                  1    wreg      void 
 Registers used:
		wreg, cstack
 Tracked objects:
		On entry : 
		On exit  : 
		Unchanged: 
 Data sizes:     COMRAM   BANK0   BANK1   BANK2   BANK3   BANK4   BANK5   BANK6   BANK7   BANK8   BANK9  BANK10  BANK11  BANK12  BANK13  BANK14  BANK15
      Params:         0       0       0       0       0       0       0       0       0       0       0       0       0       0       0       0       0
      Locals:         0       0       0       0       0       0       0       0       0       0       0       0       0       0       0       0       0
      Temps:          0       0       0       0       0       0       0       0       0       0       0       0       0       0       0       0       0
      Totals:         0       0       0       0       0       0       0       0       0       0       0       0       0       0       0       0       0
Total ram usage:        0 bytes
 Hardware stack levels used:    1
 Hardware stack levels required when called:    1
 This function calls:
		_Delay1KTCYx
 This function is called by:
		_OpenXLCD
 This function uses a non-reentrant model


 *************** function _Delay1KTCYx *****************
 Defined at:
		line 25 in file "LCD_user_functions.c"
 Parameters:    Size  Location     Type
  unit            1    wreg     unsigned char 
 Auto vars:     Size  Location     Type
  unit            1    0[COMRAM] unsigned char 
 Return value:  Size  Location     Type
                  1    wreg      void 
 Registers used:
		wreg
 Tracked objects:
		On entry : 
		On exit  : 
		Unchanged: 
 Data sizes:     COMRAM   BANK0   BANK1   BANK2   BANK3   BANK4   BANK5   BANK6   BANK7   BANK8   BANK9  BANK10  BANK11  BANK12  BANK13  BANK14  BANK15
      Params:         0       0       0       0       0       0       0       0       0       0       0       0       0       0       0       0       0
      Locals:         1       0       0       0       0       0       0       0       0       0       0       0       0       0       0       0       0
      Temps:          0       0       0       0       0       0       0       0       0       0       0       0       0       0       0       0       0
      Totals:         1       0       0       0       0       0       0       0       0       0       0       0       0       0       0       0       0
Total ram usage:        1 bytes
 Hardware stack levels used:    1
 This function calls:
		Nothing
 This function is called by:
		_DelayPORXLCD
		_DelayXLCD
 This function uses a non-reentrant model


 *************** function _Delay10KTCYx *****************
 Defined at:
		line 13 in file "LCD_user_functions.c"
 Parameters:    Size  Location     Type
  unit            1    wreg     unsigned char 
 Auto vars:     Size  Location     Type
  unit            1    1[COMRAM] unsigned char 
 Return value:  Size  Location     Type
                  1    wreg      void 
 Registers used:
		wreg
 Tracked objects:
		On entry : 
		On exit  : 
		Unchanged: 
 Data sizes:     COMRAM   BANK0   BANK1   BANK2   BANK3   BANK4   BANK5   BANK6   BANK7   BANK8   BANK9  BANK10  BANK11  BANK12  BANK13  BANK14  BANK15
      Params:         0       0       0       0       0       0       0       0       0       0       0       0       0       0       0       0       0
      Locals:         1       0       0       0       0       0       0       0       0       0       0       0       0       0       0       0       0
      Temps:          1       0       0       0       0       0       0       0       0       0       0       0       0       0       0       0       0
      Totals:         2       0       0       0       0       0       0       0       0       0       0       0       0       0       0       0       0
Total ram usage:        2 bytes
 Hardware stack levels used:    1
 This function calls:
		Nothing
 This function is called by:
		_OpenXLCD
 This function uses a non-reentrant model


 *************** function _BusyXLCD *****************
 Defined at:
		line 11 in file "busyxlcd.c"
 Parameters:    Size  Location     Type
		None
 Auto vars:     Size  Location     Type
		None
 Return value:  Size  Location     Type
                  1    wreg      unsigned char 
 Registers used:
		wreg, cstack
 Tracked objects:
		On entry : 
		On exit  : 
		Unchanged: 
 Data sizes:     COMRAM   BANK0   BANK1   BANK2   BANK3   BANK4   BANK5   BANK6   BANK7   BANK8   BANK9  BANK10  BANK11  BANK12  BANK13  BANK14  BANK15
      Params:         0       0       0       0       0       0       0       0       0       0       0       0       0       0       0       0       0
      Locals:         0       0       0       0       0       0       0       0       0       0       0       0       0       0       0       0       0
      Temps:          0       0       0       0       0       0       0       0       0       0       0       0       0       0       0       0       0
      Totals:         0       0       0       0       0       0       0       0       0       0       0       0       0       0       0       0       0
Total ram usage:        0 bytes
 Hardware stack levels used:    1
 Hardware stack levels required when called:    1
 This function calls:
		_DelayFor18TCY
 This function is called by:
		_OpenXLCD
		_putrsXLCD
		_init_XLCD
		_clear_display
		_gotoxy
		_LCDWriteStringROM
		_show_menu
		_putsXLCD
		_LCDWriteCmd
 This function uses a non-reentrant model


 *************** function _DelayFor18TCY *****************
 Defined at:
		line 32 in file "LCD_user_functions.c"
 Parameters:    Size  Location     Type
		None
 Auto vars:     Size  Location     Type
		None
 Return value:  Size  Location     Type
                  1    wreg      void 
 Registers used:
		None
 Tracked objects:
		On entry : 
		On exit  : 
		Unchanged: 
 Data sizes:     COMRAM   BANK0   BANK1   BANK2   BANK3   BANK4   BANK5   BANK6   BANK7   BANK8   BANK9  BANK10  BANK11  BANK12  BANK13  BANK14  BANK15
      Params:         0       0       0       0       0       0       0       0       0       0       0       0       0       0       0       0       0
      Locals:         0       0       0       0       0       0       0       0       0       0       0       0       0       0       0       0       0
      Temps:          0       0       0       0       0       0       0       0       0       0       0       0       0       0       0       0       0
      Totals:         0       0       0       0       0       0       0       0       0       0       0       0       0       0       0       0       0
Total ram usage:        0 bytes
 Hardware stack levels used:    1
 This function calls:
		Nothing
 This function is called by:
		_SetDDRamAddr
		_WriteCmdXLCD
		_WriteDataXLCD
		_BusyXLCD
		_ReadAddrXLCD
		_ReadDataXLCD
		_SetCGRamAddr
 This function uses a non-reentrant model


 *************** function _init_GPIO_DIR *****************
 Defined at:
		line 28 in file "psu_Rev01_menu.c"
 Parameters:    Size  Location     Type
		None
 Auto vars:     Size  Location     Type
		None
 Return value:  Size  Location     Type
                  1    wreg      void 
 Registers used:
		None
 Tracked objects:
		On entry : 
		On exit  : 
		Unchanged: 
 Data sizes:     COMRAM   BANK0   BANK1   BANK2   BANK3   BANK4   BANK5   BANK6   BANK7   BANK8   BANK9  BANK10  BANK11  BANK12  BANK13  BANK14  BANK15
      Params:         0       0       0       0       0       0       0       0       0       0       0       0       0       0       0       0       0
      Locals:         0       0       0       0       0       0       0       0       0       0       0       0       0       0       0       0       0
      Temps:          0       0       0       0       0       0       0       0       0       0       0       0       0       0       0       0       0
      Totals:         0       0       0       0       0       0       0       0       0       0       0       0       0       0       0       0       0
Total ram usage:        0 bytes
 Hardware stack levels used:    1
 This function calls:
		Nothing
 This function is called by:
		_main
 This function uses a non-reentrant model


 *************** function _Delay1Sec *****************
 Defined at:
		line 49 in file "LCD_user_functions.c"
 Parameters:    Size  Location     Type
		None
 Auto vars:     Size  Location     Type
  cntDelay        2    1[COMRAM] int 
 Return value:  Size  Location     Type
                  1    wreg      void 
 Registers used:
		wreg, status,2, status,0
 Tracked objects:
		On entry : 
		On exit  : 
		Unchanged: 
 Data sizes:     COMRAM   BANK0   BANK1   BANK2   BANK3   BANK4   BANK5   BANK6   BANK7   BANK8   BANK9  BANK10  BANK11  BANK12  BANK13  BANK14  BANK15
      Params:         0       0       0       0       0       0       0       0       0       0       0       0       0       0       0       0       0
      Locals:         2       0       0       0       0       0       0       0       0       0       0       0       0       0       0       0       0
      Temps:          1       0       0       0       0       0       0       0       0       0       0       0       0       0       0       0       0
      Totals:         3       0       0       0       0       0       0       0       0       0       0       0       0       0       0       0       0
Total ram usage:        3 bytes
 Hardware stack levels used:    1
 This function calls:
		Nothing
 This function is called by:
		_main
 This function uses a non-reentrant model



MODULE INFORMATION

Module		Function		Class		Link	Load	Size
C:\Program Files (x86)\Microchip\xc8\v2.00\pic\sources\c90\common\fleq.c
		___fleq        		CODE           	5FD2	0000	187

C:\Program Files (x86)\Microchip\xc8\v2.00\pic\sources\c90\common\fleq.c estimated size: 187

spiADC.c
		_setChan_spiADC		CODE           	6148	0000	189
		_convert_spiADC		CODE           	5AC4	0000	119

spiADC.c estimated size: 308

C:\Program Files (x86)\Microchip\xc8\v2.00\pic\sources\c90\common\lwmod.c
		___lwmod       		CODE           	5B3A	0000	121

C:\Program Files (x86)\Microchip\xc8\v2.00\pic\sources\c90\common\lwmod.c estimated size: 121

C:\Program Files (x86)\Microchip\xc8\v2.00\pic\sources\c90\common\awmod.c
		___awmod       		CODE           	6204	0000	217

C:\Program Files (x86)\Microchip\xc8\v2.00\pic\sources\c90\common\awmod.c estimated size: 217

C:\Program Files (x86)\Microchip\xc8\v2.00\pic\sources\c90\common\doprnt.c
		_scale         		CODE           	844C	0000	1077
		_sprintf       		CODE           	A460	0000	6215
		_fround        		CODE           	7AB2	0000	695

C:\Program Files (x86)\Microchip\xc8\v2.00\pic\sources\c90\common\doprnt.c estimated size: 7987

C:\Program Files (x86)\Microchip\xc8\v2.00\pic\sources\c90\common\sprcmul.c
		___flmul       		CODE           	8880	0000	1135

C:\Program Files (x86)\Microchip\xc8\v2.00\pic\sources\c90\common\sprcmul.c estimated size: 1135

C:\Program Files (x86)\Microchip\xc8\v2.00\pic\sources\c90\common\llmod.c
		___llmod       		CODE           	5DC4	0000	157

C:\Program Files (x86)\Microchip\xc8\v2.00\pic\sources\c90\common\llmod.c estimated size: 157

display_functions.c
		_show_on_screen		CODE           	608C	0000	189
		_current_auto_limit_set_display		CODE           	65CC	0000	313
		_brightness_display		CODE           	63C8	0000	259
		_contrast_display		CODE           	64CA	0000	259
		_protection_display		CODE           	55B8	0000	43
		_voltage_set_display		CODE           	7638	0000	531
		_default_display		CODE           	7292	0000	459
		_current_limit_set_display		CODE           	6846	0000	325
		_current_protection_set_display		CODE           	698A	0000	325

display_functions.c estimated size: 2703

C:\Program Files (x86)\Microchip\xc8\v2.00\pic\sources\c90\common\ftdivl.c
		__tdiv_to_l_   		CODE           	6F36	0000	431

C:\Program Files (x86)\Microchip\xc8\v2.00\pic\sources\c90\common\ftdivl.c estimated size: 431

C:\Program Files (x86)\Microchip\xc8\v2.00\pic\sources\c90\common\sprcdiv.c
		___fldiv       		CODE           	802C	0000	1057

C:\Program Files (x86)\Microchip\xc8\v2.00\pic\sources\c90\common\sprcdiv.c estimated size: 1057

C:\Program Files (x86)\Microchip\xc8\v2.00\pic\sources\c90\common\Umul16.c
		___wmul        		CODE           	558E	0000	43

C:\Program Files (x86)\Microchip\xc8\v2.00\pic\sources\c90\common\Umul16.c estimated size: 43

writdata.c
		_WriteDataXLCD 		CODE           	5764	0000	67

writdata.c estimated size: 67

setddram.c
		_SetDDRamAddr  		CODE           	58D4	0000	89

setddram.c estimated size: 89

ADC_user_functions.c
		_spiADC_function		CODE           	7D68	0000	709

ADC_user_functions.c estimated size: 709

LCD_user_functions.c
		_Delay1KTCYx   		CODE           	546A	0000	23
		_DelayFor18TCY 		CODE           	5526	0000	31
		_clear_display 		CODE           	5566	0000	41
		_DelayPORXLCD  		CODE           	542A	0000	9
		_Delay10KTCYx  		CODE           	5498	0000	29
		_Delay1Sec     		CODE           	592C	0000	97
		_init_XLCD     		CODE           	5BB2	0000	123

LCD_user_functions.c estimated size: 353

C:\Program Files (x86)\Microchip\xc8\v2.00\pic\sources\c90\common\__lldiv.c
		___lldiv       		CODE           	5E60	0000	185

C:\Program Files (x86)\Microchip\xc8\v2.00\pic\sources\c90\common\__lldiv.c estimated size: 185

C:\Program Files (x86)\Microchip\xc8\v2.00\pic\sources\c90\common\lwdiv.c
		___lwdiv       		CODE           	5CB2	0000	137

C:\Program Files (x86)\Microchip\xc8\v2.00\pic\sources\c90\common\lwdiv.c estimated size: 137

C:\Program Files (x86)\Microchip\xc8\v2.00\pic\sources\c90\common\awdiv.c
		___awdiv       		CODE           	62DC	0000	237

C:\Program Files (x86)\Microchip\xc8\v2.00\pic\sources\c90\common\awdiv.c estimated size: 237

C:\Program Files (x86)\Microchip\xc8\v2.00\pic\sources\c90\common\fltol.c
		___fltol       		CODE           	6ACE	0000	339

C:\Program Files (x86)\Microchip\xc8\v2.00\pic\sources\c90\common\fltol.c estimated size: 339

C:\Program Files (x86)\Microchip\xc8\v2.00\pic\sources\c90\common\flge.c
		___flge        		CODE           	6C20	0000	363

C:\Program Files (x86)\Microchip\xc8\v2.00\pic\sources\c90\common\flge.c estimated size: 363

putrxlcd.c
		_putrsXLCD     		CODE           	5C2C	0000	135

putrxlcd.c estimated size: 135

C:\Program Files (x86)\Microchip\xc8\v2.00\pic\sources\c90\common\isdigit.c
		_isdigit       		CODE           	56A8	0000	59

C:\Program Files (x86)\Microchip\xc8\v2.00\pic\sources\c90\common\isdigit.c estimated size: 59

C:\Program Files (x86)\Microchip\xc8\v2.00\pic\sources\c90\common\sprcadd.c
		___flsub       		CODE           	5832	0000	77
		___fladd       		CODE           	8CEE	0000	1413

C:\Program Files (x86)\Microchip\xc8\v2.00\pic\sources\c90\common\sprcadd.c estimated size: 1490

C:\Program Files (x86)\Microchip\xc8\v2.00\pic\sources\c90\common\fldivl.c
		__div_to_l_    		CODE           	6D8A	0000	429

C:\Program Files (x86)\Microchip\xc8\v2.00\pic\sources\c90\common\fldivl.c estimated size: 429

C:\Program Files (x86)\Microchip\xc8\v2.00\pic\sources\c90\common\strcat.c
		_strcat        		CODE           	5A58	0000	109

C:\Program Files (x86)\Microchip\xc8\v2.00\pic\sources\c90\common\strcat.c estimated size: 109

shared
		_my_menu       		MEDIUMCONST    	BCA7	0000	161
		_menu_000      		MEDIUMCONST    	BE26	0000	13
		_menu_001      		MEDIUMCONST    	BE74	0000	12
		_menu_002      		MEDIUMCONST    	BE1A	0000	13
		_menu_003      		MEDIUMCONST    	BEA5	0000	6
		_menu_030      		MEDIUMCONST    	BDE5	0000	15
		_menu_031      		MEDIUMCONST    	BDF3	0000	14
		_menu_032      		MEDIUMCONST    	BDD7	0000	15
		_menu_033      		MEDIUMCONST    	BE90	0000	8
		_menu_034      		MEDIUMCONST    	BE89	0000	8
		__powers_      		MEDIUMCONST    	BD47	0000	53
		_dpowers       		MEDIUMCONST    	BDAF	0000	41
		_menu_020      		MEDIUMCONST    	BE00	0000	14
		_menu_021      		MEDIUMCONST    	BE3D	0000	12
		_menu_022      		MEDIUMCONST    	BE32	0000	12
		_menu_023      		MEDIUMCONST    	BE7F	0000	11
		_menu_024      		MEDIUMCONST    	BE97	0000	8
		__npowers_     		MEDIUMCONST    	BD7B	0000	53
		__initialization		CODE           	598C	0000	89
		_menu_010      		MEDIUMCONST    	BE0D	0000	14
		_menu_011      		MEDIUMCONST    	BE69	0000	12
		_menu_012      		MEDIUMCONST    	BE5E	0000	12
		_menu_013      		MEDIUMCONST    	BE53	0000	12
		_menu_014      		MEDIUMCONST    	BE48	0000	12
		_menu_015      		MEDIUMCONST    	BE9E	0000	8

shared estimated size: 628

C:\Program Files (x86)\Microchip\xc8\v2.00\pic\sources\c90\common\xxtofl.c
		___xxtofl      		CODE           	745C	0000	477

C:\Program Files (x86)\Microchip\xc8\v2.00\pic\sources\c90\common\xxtofl.c estimated size: 477

lcd_menu.c
		_LCDWriteStringROM		CODE           	70E4	0000	431
		_setIset       		CODE           	57EA	0000	73
		_outPreset     		CODE           	5426	0000	3
		_displayPreset 		CODE           	5428	0000	3
		_gotoxy        		CODE           	5F18	0000	187
		_setBacklight  		CODE           	545A	0000	9
		_setImode_auto 		CODE           	544A	0000	9
		_setImode_prot 		CODE           	5442	0000	9
		_return_to_default		CODE           	5544	0000	35
		_setImode_limit		CODE           	543A	0000	9
		_show_menu     		CODE           	9AE8	0000	2425
		_setUout       		CODE           	5432	0000	9
		_setContrast   		CODE           	5452	0000	9

lcd_menu.c estimated size: 3211

psu_Rev01_menu.c
		_main          		CODE           	9272	0000	2167
		_init_GPIO_DIR 		CODE           	5508	0000	31

psu_Rev01_menu.c estimated size: 2198

psu_Rev01_spi.c
		_send_backlight_spi		CODE           	55E2	0000	45
		_send_dac_i_spi		CODE           	5674	0000	53
		_send_dac_u_spi		CODE           	5640	0000	53
		_init_dac_SPI  		CODE           	54D0	0000	29
		_init_adc_SPI  		CODE           	54EC	0000	29
		_send_contrast_spi		CODE           	560E	0000	51
		_init_dig_pot_SPI		CODE           	54B4	0000	29

psu_Rev01_spi.c estimated size: 289

openxlcd.c
		_OpenXLCD      		CODE           	6704	0000	323

openxlcd.c estimated size: 323

C:\Program Files (x86)\Microchip\xc8\v2.00\pic\sources\c90\common\strlen.c
		_strlen        		CODE           	59EE	0000	107

C:\Program Files (x86)\Microchip\xc8\v2.00\pic\sources\c90\common\strlen.c estimated size: 107

pushButtons.c
		_pushButtons_display_settings		CODE           	784A	0000	617

pushButtons.c estimated size: 617

busyxlcd.c
		_BusyXLCD      		CODE           	587E	0000	87

busyxlcd.c estimated size: 87

spi_open.c
		_OpenSPI       		CODE           	5D3A	0000	139

spi_open.c estimated size: 139

C:\Program Files (x86)\Microchip\xc8\v2.00\pic\sources\c90\common\flneg.c
		___flneg       		CODE           	56E2	0000	65

C:\Program Files (x86)\Microchip\xc8\v2.00\pic\sources\c90\common\flneg.c estimated size: 65

spi_writ.c
		_WriteSPI      		CODE           	57A6	0000	69

spi_writ.c estimated size: 69

wcmdxlcd.c
		_WriteCmdXLCD  		CODE           	5722	0000	67

wcmdxlcd.c estimated size: 67

